// Jest Snapshot v1, https://goo.gl/fbAQLP

exports[`should render the ExpenseList component 1`] = `
<div>
  <ExpenseListItem
    amount={195}
    createdAt={0}
    description="Gum"
    id="1"
    key="1"
    note="my rent"
  />
  <ExpenseListItem
    amount={109500}
    createdAt={-345600000}
    description="Rent"
    id="2"
    key="2"
    note=""
  />
  <ExpenseListItem
    amount={4500}
    createdAt={345600000}
    description="Credit card"
    id="3"
    key="3"
    note=""
  />
</div>
`;

exports[`should render the ExpenseList with empty array 1`] = `
<div>
  <p>
    No Expenses
  </p>
</div>
`;
