// Jest Snapshot v1, https://goo.gl/fbAQLP

exports[`should render the expenselistitem component with fixture data 1`] = `
<div>
  <h3>
    <Link
      to="/edit/1"
    >
      Gum
    </Link>
  </h3>
  <p>
    195
     - 
    50 years ago
    , on 
    01-Jan-1970
  </p>
</div>
`;
