// Jest Snapshot v1, https://goo.gl/fbAQLP

exports[`should render header correctly 1`] = `
<header>
  <h1>
    Expensify
  </h1>
  <p>
    <NavLink
      activeClassName="is-active"
      exact={true}
      to="/"
    >
      |Home| 
    </NavLink>
    <NavLink
      activeClassName="is-active"
      to="/create"
    >
       |Add Expense| 
    </NavLink>
    <NavLink
      activeClassName="is-active"
      to="/edit"
    >
       |Edit Expense| 
    </NavLink>
    <NavLink
      activeClassName="is-active"
      to="/help"
    >
       |Help
    </NavLink>
  </p>
</header>
`;
