// Jest Snapshot v1, https://goo.gl/fbAQLP

exports[`should render notfoundpage correctly 1`] = `
<div>
  404!
</div>
`;
